values and options
  value build
  long --verbose
  short -q
  value main.gob
a cluster
  short -a
  short -b
  short -c
a value after its option
  short -o = out.s
  long --target = arm64-linux
a value attached
  short -o = out.s
  short -o = out.s
  long --target = arm64-linux
a value taken from the middle of a cluster
  short -v
  short -o = file
a value that looks like an option
  short -o = -
  long --dump = --x
a lone dash is a value
  value -
  long --x
everything after -- is a value
  long --x
  value --y
  value -z
an empty value attached
  long --name = 
a value nobody asked for
  long --verbose
  error: --verbose does not take a value, but was given 'no'
a value that is missing
  error: --target needs a value
unknown option -x
unknown option --frob
unexpected argument 'extra.gob'
