[2, 4, 6]
[3, 5, 7]
[1, 4, 9]
[2, 4, 8]
[Mars, Venus]
[Mars]
[-1, -2, -3]
[4, 6, 8]
[(1, False), (2, False), (3, False)]
[[1, 0], [2, 0], [3, 0]]
[3, 1]
[[1, 2, 3], [2, 4, 6], [3, 6, 9]]
15
12
11
12
[<Mars>, <Venus>]
[Mars has 2, Venus has 0]
[1, 4, 9]
[[2, 11], [3, 21], [4, 31]]
[planet: Mars, planet: Venus]
49
[1, 2, 3]
3
