PASS: construction is eager; extraction is deferred
PASS: typed Assignment
hello=world
PASS: reuse constructed NFA
PASS: missing value fails
PASS: full match rejects suffix
PASS: matching never reruns bind; failures never extract
PASS: tuple associated-family result
PASS: recursive tuple resolution
PASS: UTF-8 capture boundaries
PASS: nullable repetition terminates
PASS: left alternative cannot commit prematurely
PASS: greedy capture priority
PASS: capture handles survive later construction
PASS: ambiguous optional-prefix NFA
PASS: choice returns Left String
PASS: choice returns Right Char
PASS: choice is left biased
PASS: orElse shares result type
PASS: optional absent
PASS: optional present
PASS: optional empty participation
PASS: optional abandons unsuccessful present branch
PASS: optional prefers participating branch
PASS: some returns all iterations
PASS: some requires an iteration
PASS: many returns empty array
PASS: many returns strings
PASS: many omits empty cycles
PASS: some retains required empty iteration
PASS: some returns typed Assignments
PASS: one recipe evaluation per selected iteration
PASS: failed repeated pattern
PASS: failed repetition runs no result callbacks
PASS: nested repetition preserves iteration boundaries
PASS: repeated choice preserves each branch
PASS: optional captures do not leak between iterations
PASS: repetition resolves tuple recipes
PASS: greedy repetition gives way to suffix
PASS: repeated Unicode scalars
PASS: shared fragment branch scope
PASS: losing branch recipe never runs
PASS: triple capture resolution
PASS: orElse resolves tuple recipes
PASS: nested nullable repetition
PASS: nullable alternative repetition makes progress
PASS: required nullable iteration retains absence
PASS: reused captured fragment remains executable
PASS: long repeated capture history
