tokens: [héllo] [wörld] [again]
bytes 20
True
True
tail wörld	again
lines: [a] [b] [c]
lines trailing: [a] [b]
lines crlf: [a] [b]
lines blank: [a] [] [b]
lines empty 0
lines newline 1
words: [two] [words]
words empty 0
TrueFalse
TrueFalse
TrueFalse
TrueFalse
0 42 -42 7
9223372036854775807
-9223372036854775808
None
None
None None None None
